[floricultura.resgate.is/c1/index.html]
[backblue.gif]
[fade.gif]
[index.html]
[cdn.utmify.com.br/scripts/utms/latest.js]
[floricultura.resgate.is/c1/img/logo.webp]
[floricultura.resgate.is/c1/css/delivry.css]
[floricultura.resgate.is/c1/sweetalert2%4011]
[floricultura.resgate.is/c1/icon.html]
[waust.at/d.js]
[floricultura.resgate.is/c1/images/capa.png]
[floricultura.resgate.is/c1/images/logo.png]
[floricultura.resgate.is/c1/images/kit01.png]
[floricultura.resgate.is/c1/produtos/amorEterno/index.html]
[floricultura.resgate.is/c1/produtos/luxoDesejo/index.html]
[floricultura.resgate.is/c1/images/kit02.png]
[floricultura.resgate.is/c1/produtos/encantoReal/index.html]
[floricultura.resgate.is/c1/images/kit03.png]
[floricultura.resgate.is/c1/images/p2-min.png]
[floricultura.resgate.is/c1/images/p1-min.png]
[floricultura.resgate.is/c1/images/p4-min.png]
[floricultura.resgate.is/c1/produtos/lembreiVoce/index.html]
[floricultura.resgate.is/c1/produtos/cartaoRosBombom/index.html]
[floricultura.resgate.is/c1/produtos/girassol/index.html]
[floricultura.resgate.is/c1/produtos/lindtLaco/index.html]
[floricultura.resgate.is/c1/images/p6-min.png]
[floricultura.resgate.is/c1/images/prod01.png]
[floricultura.resgate.is/c1/images/p3-min.png]
[floricultura.resgate.is/c1/images/p5-min.png]
[floricultura.resgate.is/c1/produtos/buqueEncanto/index.html]
[floricultura.resgate.is/c1/produtos/mixAmor/index.html]
[floricultura.resgate.is/c1/produtos/noitePerfeita/index.html]
[floricultura.resgate.is/c1/produtos/pedidoNamoro/index.html]
[floricultura.resgate.is/c1/images/dep01.jpg]
[floricultura.resgate.is/c1/images/p7-min.png]
[floricultura.resgate.is/c1/images/p8-min.png]
[floricultura.resgate.is/c1/images/dep02.jpg]
[floricultura.resgate.is/c1/produtos/especialImperial/index.html]
[floricultura.resgate.is/c1/images/dep04.jpg]
[floricultura.resgate.is/c1/images/dep05.jpg]
[floricultura.resgate.is/c1/images/dep03.jpg]
[floricultura.resgate.is/images/dep06.jpg]
[floricultura.resgate.is/c1/images/dep07.jpg]
[floricultura.resgate.is/c1/images/dep08.jpg]
[floricultura.resgate.is/c1/images/dep09.jpg]
[floricultura.resgate.is/c1/images/dep10.jpg]
[floricultura.resgate.is/c1/images/dep12.jpg]
[floricultura.resgate.is/c1/images/dep11.jpg]
[floricultura.resgate.is/c1/js/jquery.min.js]
[floricultura.resgate.is/c1/js/delivry.js]
[floricultura.resgate.is/c1/js/sweetalert.min.js]
[floricultura.resgate.is/c1/js/all.js]
[floricultura.resgate.is/c1/link.href]
[floricultura.resgate.is/c1/index.html]
[floricultura.resgate.is/c1/img/logo.html]
[floricultura.resgate.is/c1/css/delivry.css]
[floricultura.resgate.is/c1/css/bootstrap.min.css]
[floricultura.resgate.is/c1/js/analytics.js]
[www.google-analytics.com/analytics.js]
[floricultura.resgate.is/c1/images/page_not_found.svg]
[floricultura.resgate.is/c1/icon.html]
[floricultura.resgate.is/c1/amung.us/dynamic.js]
[waust.at/d.js]
[floricultura.resgate.is/c1/produtos/amorEterno/index.html]
[floricultura.resgate.is/c1/produtos/luxoDesejo/link.href]
[floricultura.resgate.is/c1/produtos/luxoDesejo/index.html]
[floricultura.resgate.is/c1/produtos/encantoReal/index.html]
[floricultura.resgate.is/c1/produtos/lembreiVoce/index.html]
[floricultura.resgate.is/c1/produtos/cartaoRosBombom/index.html]
[floricultura.resgate.is/c1/produtos/girassol/index.html]
[floricultura.resgate.is/c1/produtos/lindtLaco/index.html]
[floricultura.resgate.is/c1/produtos/buqueEncanto/index.html]
[floricultura.resgate.is/c1/produtos/mixAmor/link.href]
[floricultura.resgate.is/c1/produtos/mixAmor/index.html]
[floricultura.resgate.is/c1/produtos/noitePerfeita/link.href]
[floricultura.resgate.is/c1/produtos/noitePerfeita/index.html]
[floricultura.resgate.is/c1/produtos/pedidoNamoro/link.href]
[floricultura.resgate.is/c1/produtos/pedidoNamoro/index.html]
[floricultura.resgate.is/c1/produtos/especialImperial/index.html]
[floricultura.resgate.is/images/dep06.html]
[floricultura.resgate.is/c1/link.html]
[floricultura.resgate.is/c1/css/bootstrap.min.html]
[floricultura.resgate.is/c1/images/page_not_found.html]
[floricultura.resgate.is/c1/amung.us/dynamic.html]
[floricultura.resgate.is/c1/produtos/luxoDesejo/link.html]
[floricultura.resgate.is/c1/produtos/mixAmor/link.html]
[floricultura.resgate.is/c1/produtos/noitePerfeita/link.html]
[floricultura.resgate.is/c1/produtos/pedidoNamoro/link.html]
